// Jest Snapshot v1, https://goo.gl/fbAQLP

exports[`<SignInForm /> renders the component 1`] = `ShallowWrapper {}`;
